// Jest Snapshot v1, https://goo.gl/fbAQLP

exports[`NewPasswordForm component renders correctly 1`] = `
<div
  class="w-full max-w-sm p-6 m-auto bg-white rounded-md shadow-md dark:bg-gray-800 mt-8"
>
  <div
    class=""
    id="firstPasswordField"
  >
    <label
      class="block text-sm text-gray-800 dark:text-gray-200"
      for="password"
    >
      Nytt passord
    </label>
    <input
      class="block w-full px-4 py-2 mt-2 text-gray-700 bg-white border rounded-md dark:bg-gray-800 dark:text-gray-300 dark:border-gray-600 focus:border-primary-light dark:focus:border-primary-light focus:ring-primary-light focus:outline-none focus:ring focus:ring-opacity-40"
      type="password"
    />
    <!-- error message -->
    
    
  </div>
  <div
    class="mt-4"
    id="secondPasswordField"
  >
    <div
      class="flex items-center justify-between"
    >
      <label
        class="block text-sm text-gray-800 dark:text-gray-200"
        for="rePassword"
      >
        Gjenta nytt passord
      </label>
    </div>
    <input
      class="block w-full px-4 py-2 mt-2 text-gray-700 bg-white border rounded-md dark:bg-gray-800 dark:text-gray-300 dark:border-gray-600 focus:border-primary-light dark:focus:border-primary-light focus:ring-primary-light focus:outline-none focus:ring focus:ring-opacity-40"
      type="password"
    />
    <!-- error message -->
    
    
  </div>
  <div
    class="mt-6"
    id="buttonsField"
  >
    <button
      class="w-full px-4 py-2 tracking-wide text-white transition-colors duration-200 transform bg-gray-700 rounded-md hover:bg-gray-600 focus:outline-none focus:bg-gray-600"
    >
       Endre passord 
    </button>
  </div>
</div>
`;
