// Jest Snapshot v1, https://goo.gl/fbAQLP

exports[`RegisterFormComponent renders correctly 1`] = `
<div
  class="w-full max-w-md mx-auto mb-auto md:ring-1 ring-gray-300 overflow-hidden rounded-xl p-4"
>
  <div
    class="text-xl md:text-2xl font-medium text-center text-primary-light mt-4 mb-8"
    id="registerLabel"
  >
     Opprett ny konto 
  </div>
  <form>
    <div
      class="grid grid-cols-1 gap-6 mt-4"
    >
      <div>
        <input
          class="block w-full px-4 py-2 mt-2 text-gray-700 placeholder-gray-500 bg-white border rounded-md dark:bg-gray-800 dark:border-gray-600 dark:placeholder-gray-400 focus:border-primary-light dark:focus:border-primary-light focus:ring-opacity-40 focus:outline-none focus:ring focus:ring-primary-light"
          id="email"
          placeholder="E-post adresse"
          type="email"
        />
        <!-- error message -->
        
        
      </div>
      <div>
        <input
          class="block w-full px-4 py-2 mt-2 text-gray-700 placeholder-gray-500 bg-white border rounded-md dark:bg-gray-800 dark:border-gray-600 dark:placeholder-gray-400 focus:border-primary-light dark:focus:border-primary-light focus:ring-opacity-40 focus:outline-none focus:ring focus:ring-primary-light"
          id="password"
          placeholder="Passord"
          type="password"
        />
        <!-- error message -->
        
        
      </div>
      <div>
        <input
          class="block w-full px-4 py-2 mt-2 text-gray-700 placeholder-gray-500 bg-white border rounded-md dark:bg-gray-800 dark:border-gray-600 dark:placeholder-gray-400 focus:border-primary-light dark:focus:border-primary-light focus:ring-opacity-40 focus:outline-none focus:ring focus:ring-primary-light"
          id="confirmPassword"
          placeholder="Bekreft passord"
          type="password"
        />
        <!-- error message -->
        
        
      </div>
      <div>
        <input
          class="block w-full px-4 py-2 mt-2 text-gray-700 placeholder-gray-500 bg-white border rounded-md dark:bg-gray-800 dark:border-gray-600 dark:placeholder-gray-400 focus:border-primary-light dark:focus:border-primary-light focus:ring-opacity-40 focus:outline-none focus:ring focus:ring-primary-light"
          data-test="firstNameTest"
          id="firstName"
          placeholder="Fornavn"
          type="text"
        />
        <!-- error message -->
        
        
      </div>
      <div>
        <input
          class="block w-full px-4 py-2 mt-2 text-gray-700 placeholder-gray-500 bg-white border rounded-md dark:bg-gray-800 dark:border-gray-600 dark:placeholder-gray-400 focus:border-primary-light dark:focus:border-primary-light focus:ring-opacity-40 focus:outline-none focus:ring focus:ring-primary-light"
          id="lastName"
          placeholder="Etternavn"
          type="text"
        />
        <!-- error message -->
        
        
      </div>
      <div>
        <input
          class="block w-full px-4 py-2 mt-2 text-gray-700 placeholder-gray-500 bg-white border rounded-md dark:bg-gray-800 dark:border-gray-600 dark:placeholder-gray-400 focus:border-primary-light dark:focus:border-primary-light focus:ring-opacity-40 focus:outline-none focus:ring focus:ring-primary-light"
          id="address"
          placeholder="Adresse"
          type="text"
        />
        <!-- error message -->
        
        
      </div>
    </div>
    <div
      class="flex justify-end mt-6"
    >
      <button
        class="block text-white bg-primary-medium hover:bg-primary-dark focus:ring-4 focus:outline-none focus:ring-primary-light font-medium rounded-lg text-sm px-5 py-2.5 text-center dark:bg-primary-medium dark:hover:bg-primary-dark dark:focus:ring-primary-light"
      >
        Opprett
      </button>
    </div>
  </form>
</div>
`;
