// Jest Snapshot v1, https://goo.gl/fbAQLP

exports[`UserItems component renders correctly 1`] = `
<div
  data-v-app=""
>
  
  <!-- Shows all the items a user has posted with search and pagination.
       Includes a dropdown menu for editing or deleting an item. -->
  <div
    class="text-xl md:text-2xl text-primary-light font-medium"
    id="headline"
  >
     Mine gjenstander 
  </div>
  <!-- Search field -->
  <div
    class="relative mx-4"
    id="searchComponent"
  >
    <span
      class="absolute inset-y-0 left-0 flex items-center pl-3"
    >
      <svg
        class="w-5 h-5 text-gray-400"
        fill="none"
        viewBox="0 0 24 24"
      >
        <path
          d="M21 21L15 15M17 10C17 13.866 13.866 17 10 17C6.13401 17 3 13.866 3 10C3 6.13401 6.13401 3 10 3C13.866 3 17 6.13401 17 10Z"
          stroke="currentColor"
          stroke-linecap="round"
          stroke-linejoin="round"
          stroke-width="2"
        />
      </svg>
    </span>
    <input
      class="w-full py-3 pl-10 pr-4 text-gray-700 bg-white border rounded-md dark:bg-gray-800 dark:text-gray-300 dark:border-gray-600 focus:border-primary-medium dark:focus:border-primary-medium focus:outline-none focus:ring"
      id="searchInput"
      placeholder="SÃ¸k"
      type="text"
    />
  </div>
  <div
    class="absolute inset-x-0"
  >
    <!-- ItemCards -->
    <div
      class="flex items-center justify-center w-screen"
    >
      <!-- Shows items based on pagination -->
      <div
        class="grid grid-flow-row-dense grid-cols-2 md:grid-cols-4 lg:grid-cols-5 w-full"
      >
        
        
        <!-- A waring asking the user if it is sure it wants to delete the item
             with options to go ahead with the deleting or to cancel the delete. -->
        
        <!-- Main modal -->
        <!--v-if-->
        
      </div>
      <!-- Shows items based on search field input -->
      <!--v-if-->
    </div>
    <!-- pagination -->
    <div
      class="flex justify-center"
    >
      <div
        class="mt-10"
      >
        <!--v-if-->
        <label
          class="mx-2 text-primary-light"
        >
          1 av 1
        </label>
        <!--v-if-->
      </div>
    </div>
  </div>
  
</div>
`;
