// Jest Snapshot v1, https://goo.gl/fbAQLP

exports[`CommunityListItem component renders correctly 1`] = `
<div
  data-v-app=""
>
  
  
  <!-- Main modal -->
  <!--v-if-->
  
  <div
    class="bg-white shadow dark:bg-gray-800 select-none cursor-pointer hover:bg-gray-50 flex items-center p-4"
  >
    <div
      class="h-10 w-10 flex flex-col justify-center items-center mr-4"
    >
      <svg
        aria-hidden="true"
        fill="none"
        stroke="currentColor"
        stroke-width="2"
        viewBox="0 0 24 24"
        xmlns="http://www.w3.org/2000/svg"
      >
        <path
          d="M17 20h5v-2a3 3 0 00-5.356-1.857M17 20H7m10 0v-2c0-.656-.126-1.283-.356-1.857M7 20H2v-2a3 3 0 015.356-1.857M7 20v-2c0-.656.126-1.283.356-1.857m0 0a5.002 5.002 0 019.288 0M15 7a3 3 0 11-6 0 3 3 0 016 0zm6 3a2 2 0 11-4 0 2 2 0 014 0zM7 10a2 2 0 11-4 0 2 2 0 014 0z"
          stroke-linecap="round"
          stroke-linejoin="round"
        />
      </svg>
      <!-- TODO: USE COMMUNITY IMAGE &lt;img alt="Felleskapets bilde" src="@/assets/group.png" /&gt; -->
    </div>
    <div
      class="flex-1 pl-1 overflow-hidden"
    >
      <div
        class="font-medium dark:text-white truncate"
      >
        string
      </div>
    </div>
    <div
      class="flex flex-row justify-center items-center"
    >
      <svg
        aria-hidden="true"
        class="max-h-6 max-w-6 shrink m-2"
        fill="none"
        stroke="currentColor"
        stroke-width="2"
        viewBox="0 0 24 24"
        xmlns="http://www.w3.org/2000/svg"
      >
        <path
          d="M12 15v2m-6 4h12a2 2 0 002-2v-6a2 2 0 00-2-2H6a2 2 0 00-2 2v6a2 2 0 002 2zm10-10V7a4 4 0 00-8 0v4h8z"
          stroke-linecap="round"
          stroke-linejoin="round"
        />
      </svg>
    </div>
  </div>
  
</div>
`;
