// Jest Snapshot v1, https://goo.gl/fbAQLP

exports[`NewItemForm component renders correctly 1`] = `
<div
  class="w-full max-w-md m-auto md:ring-1 ring-gray-300 overflow-hidden rounded-xl mt-[3%] p-4"
>
  <!-- Component heading -->
  <h3
    class="text-xl font-medium text-center text-gray-600 dark:text-gray-200 mt-4 mb-8"
  >
    Utleie
  </h3>
  <!-- Title -->
  <div
    class="mb-6"
  >
    <label
      class="block mb-2 text-sm font-medium text-gray-900 dark:text-gray-300"
      id="titleLabel"
    >
      Tittel
    </label>
    <input
      class="block w-full px-4 py-2 mt-2 text-gray-700 placeholder-gray-500 bg-white border rounded-md dark:bg-gray-800 dark:border-gray-600 dark:placeholder-gray-400 focus:border-primary-light dark:focus:border-primary-light focus:ring-opacity-40 focus:outline-none focus:ring focus:ring-primary-light"
      id="title"
      required=""
      type="text"
    />
    <!-- error message for title-->
    
    
  </div>
  <!-- Select category -->
  <div
    class="mb-6"
  >
    <label
      class="block mb-2 text-sm font-medium text-gray-900 dark:text-gray-400"
      id="selectCategoryLabel"
    >
      Kategori
    </label>
    <select
      class="block w-full px-4 py-2 mt-2 text-gray-700 placeholder-gray-500 bg-white border rounded-md dark:bg-gray-800 dark:border-gray-600 dark:placeholder-gray-400 focus:border-primary-light dark:focus:border-primary-light focus:ring-opacity-40 focus:outline-none focus:ring focus:ring-primary-light"
      id="categories"
    >
      <option
        class="text-gray-400"
        disabled=""
        value=""
      >
         Select a category 
      </option>
      
      <option
        class="text-gray-900 text-sm"
      >
        Hage
      </option>
      <option
        class="text-gray-900 text-sm"
      >
        Kj√∏kken
      </option>
      <option
        class="text-gray-900 text-sm"
      >
        Musikk
      </option>
      <option
        class="text-gray-900 text-sm"
      >
        Annet
      </option>
      
    </select>
    <!-- error message for select box -->
    
    
  </div>
  <!-- Select Group -->
  <div
    class="mb-6"
  >
    <label
      class="block mb-2 text-sm font-medium text-gray-900 dark:text-gray-400"
    >
      Gruppe
    </label>
    <select
      class="block w-full px-4 py-2 mt-2 text-gray-700 placeholder-gray-500 bg-white border rounded-md dark:bg-gray-800 dark:border-gray-600 dark:placeholder-gray-400 focus:border-primary-light dark:focus:border-primary-light focus:ring-opacity-40 focus:outline-none focus:ring focus:ring-primary-light"
    >
      <option
        class="text-gray-400"
        disabled=""
        value=""
      >
         Select a Group 
      </option>
      
      <option
        class="text-gray-900 text-sm"
      >
        4040
      </option>
      <option
        class="text-gray-900 text-sm"
      >
        4041
      </option>
      
    </select>
    <!-- error message for select box -->
    
    
  </div>
  <!-- price -->
  <div
    class="mb-6"
  >
    <label
      class="block mb-2 text-sm font-medium text-gray-900 dark:text-gray-300"
      id="priceLabel"
    >
      Pris
    </label>
    <input
      class="block w-full px-4 py-2 mt-2 text-gray-700 placeholder-gray-500 bg-white border rounded-md dark:bg-gray-800 dark:border-gray-600 dark:placeholder-gray-400 focus:border-primary-light dark:focus:border-primary-light focus:ring-opacity-40 focus:outline-none focus:ring focus:ring-primary-light"
      id="price"
      required=""
      type="number"
    />
    <!-- error message for price -->
    
    
  </div>
  <!-- Description -->
  <div
    class="mb-6"
  >
    <label
      class="block mb-2 text-sm font-medium text-gray-900 dark:text-gray-400"
      id="descriptionLabel"
    >
      Beskrivelse
    </label>
    <textarea
      class="block w-full px-4 py-2 mt-2 text-gray-700 placeholder-gray-500 bg-white border rounded-md dark:bg-gray-800 dark:border-gray-600 dark:placeholder-gray-400 focus:border-primary-light dark:focus:border-primary-light focus:ring-opacity-40 focus:outline-none focus:ring focus:ring-primary-light"
      id="description"
      required=""
      rows="4"
    />
    <!-- error message for description -->
    
    
  </div>
  <!-- Address -->
  <div
    class="mb-6"
  >
    <label
      class="block mb-2 text-sm font-medium text-gray-900 dark:text-gray-300"
    >
      Adresse
    </label>
    <input
      class="block w-full px-4 py-2 mt-2 text-gray-700 placeholder-gray-500 bg-white border rounded-md dark:bg-gray-800 dark:border-gray-600 dark:placeholder-gray-400 focus:border-primary-light dark:focus:border-primary-light focus:ring-opacity-40 focus:outline-none focus:ring focus:ring-primary-light"
      id="adress"
      required=""
      type="text"
    />
    <!-- error message for address-->
    
    
  </div>
  <!-- Images -->
  <div>
    <label
      class="block mb-2 text-sm font-medium text-gray-900 dark:text-gray-400"
      id="imageLabel"
    >
       Bilder 
    </label>
    <input
      accept="image/png, image/jpeg"
      multiple=""
      style="display: none;"
      type="file"
    />
    <button
      class="block text-white bg-primary-medium hover:bg-primary-dark focus:ring-4 focus:outline-none focus:ring-primary-light font-medium rounded-lg text-sm px-5 py-2.5 text-center dark:bg-primary-medium dark:hover:bg-primary-dark dark:focus:ring-primary-light"
    >
      Velg bilde
    </button>
    
    
  </div>
  <!-- Save item button -->
  <div
    class="flex justify-center"
  >
    <button
      class="block text-white bg-primary-medium hover:bg-primary-dark focus:ring-4 focus:outline-none focus:ring-primary-light font-medium rounded-lg text-sm px-5 py-2.5 text-center dark:bg-primary-medium dark:hover:bg-primary-dark dark:focus:ring-primary-light"
      id="saveButton"
    >
      Lagre
    </button>
  </div>
</div>
`;
